// Jest Snapshot v1, https://goo.gl/fbAQLP

exports[`Python Package synthesizes 1`] = `
{
  ".gitattributes": "# ~~ Generated by projen. To modify, edit .projenrc.py and run "npx projen".

* text=auto eol=lf
/.gitattributes linguist-generated
/.github/pull_request_template.md linguist-generated
/.github/workflows/pull-request-lint.yml linguist-generated
/.gitignore linguist-generated
/.projen/** linguist-generated
/.projen/deps.json linguist-generated
/.projen/files.json linguist-generated
/.projen/tasks.json linguist-generated
/CODEOWNERS linguist-generated
/requirements-dev.txt linguist-generated
/requirements.txt linguist-generated",
  ".github/pull_request_template.md": "### Background
_Short description of issue being resolved or a feature being added._

**JIRA TICKET**: [SAB-](https://unibuddy.atlassian.net/browse/SAB-)

### Problems Encountered / Decisions Made / Potential Solutions Abandoned
_Any problems you had when working on the PR and what decisions or trade-offs you had to make._

### Check List
* [ ] Added tests for all new code.
* [ ] Added comments and documentation for new code.",
  ".github/workflows/pull-request-lint.yml": "# ~~ Generated by projen. To modify, edit .projenrc.py and run "npx projen".

name: pull-request-lint
on:
  pull_request_target:
    types:
      - labeled
      - opened
      - synchronize
      - reopened
      - ready_for_review
      - edited
  merge_group: {}
jobs:
  validate:
    name: Validate PR title
    runs-on: ubuntu-latest
    permissions:
      pull-requests: write
    if: github.event_name == 'pull_request' || github.event_name == 'pull_request_target'
    steps:
      - uses: amannn/action-semantic-pull-request@v5.4.0
        env:
          GITHUB_TOKEN: \${{ secrets.GITHUB_TOKEN }}
        with:
          types: |-
            feat
            fix
            chore
          requireScope: false
",
  ".gitignore": "# ~~ Generated by projen. To modify, edit .projenrc.py and run "npx projen".
node_modules/
!/.gitattributes
!/.projen/tasks.json
!/.projen/deps.json
!/.projen/files.json
!/.github/workflows/pull-request-lint.yml
/.env
!/requirements.txt
!/requirements-dev.txt
__pycache__/
*.py[cod]
*$py.class
*.so
.Python
build/
develop-eggs/
dist/
downloads/
eggs/
.eggs/
lib/
lib64/
parts/
sdist/
var/
wheels/
share/python-wheels/
*.egg-info/
.installed.cfg
*.egg
MANIFEST
*.manifest
*.spec
pip-log.txt
pip-delete-this-directory.txt
htmlcov/
.tox/
.nox/
.coverage
.coverage.*
.cache
nosetests.xml
coverage.xml
*.cover
*.py,cover
.hypothesis/
.pytest_cache/
cover/
*.mo
*.pot
*.log
local_settings.py
db.sqlite3
db.sqlite3-journal
instance/
.webassets-cache
.scrapy
docs/_build/
.pybuilder/
target/
.ipynb_checkpoints
profile_default/
ipython_config.py
__pypackages__/
celerybeat-schedule
celerybeat.pid
*.sage.py
.env
.venv
env/
venv/
ENV/
env.bak/
venv.bak/
.spyderproject
.spyproject
.ropeproject
/site
.mypy_cache/
.dmypy.json
dmypy.json
.pyre/
.pytype/
cython_debug/
!/CODEOWNERS
!/.github/pull_request_template.md
!/.projenrc.py
",
  ".projen/deps.json": {
    "//": "~~ Generated by projen. To modify, edit .projenrc.py and run "npx projen".",
    "dependencies": [
      {
        "name": "projen",
        "type": "devenv",
        "version": "99.99.99",
      },
      {
        "name": "pytest",
        "type": "test",
        "version": "7.4.3",
      },
    ],
  },
  ".projen/files.json": {
    "//": "~~ Generated by projen. To modify, edit .projenrc.py and run "npx projen".",
    "files": [
      ".gitattributes",
      ".github/pull_request_template.md",
      ".github/workflows/pull-request-lint.yml",
      ".gitignore",
      ".projen/deps.json",
      ".projen/files.json",
      ".projen/tasks.json",
      "CODEOWNERS",
      "requirements-dev.txt",
      "requirements.txt",
    ],
  },
  ".projen/tasks.json": {
    "//": "~~ Generated by projen. To modify, edit .projenrc.py and run "npx projen".",
    "env": {
      "PATH": "$(python -c "import os, sys; python_dir = 'Scripts' if sys.platform == 'win32' else 'bin'; print('{0}/.env/{1}{2}{3}'.format(os.getcwd(), python_dir, os.pathsep, os.environ['PATH']))")",
      "VIRTUAL_ENV": "$(python -c "import os; print('{0}/.env'.format(os.getcwd()))")",
    },
    "tasks": {
      "build": {
        "description": "Full release build",
        "name": "build",
        "steps": [
          {
            "spawn": "default",
          },
          {
            "spawn": "pre-compile",
          },
          {
            "spawn": "compile",
          },
          {
            "spawn": "post-compile",
          },
          {
            "spawn": "test",
          },
          {
            "spawn": "package",
          },
        ],
      },
      "clobber": {
        "condition": "git diff --exit-code > /dev/null",
        "description": "hard resets to HEAD of origin and cleans the local repo",
        "env": {
          "BRANCH": "$(git branch --show-current)",
        },
        "name": "clobber",
        "steps": [
          {
            "exec": "git checkout -b scratch",
            "name": "save current HEAD in "scratch" branch",
          },
          {
            "exec": "git checkout $BRANCH",
          },
          {
            "exec": "git fetch origin",
            "name": "fetch latest changes from origin",
          },
          {
            "exec": "git reset --hard origin/$BRANCH",
            "name": "hard reset to origin commit",
          },
          {
            "exec": "git clean -fdx",
            "name": "clean all untracked files",
          },
          {
            "say": "ready to rock! (unpushed commits are under the "scratch" branch)",
          },
        ],
      },
      "compile": {
        "description": "Only compile",
        "name": "compile",
      },
      "default": {
        "description": "Synthesize project files",
        "name": "default",
        "steps": [
          {
            "exec": "python .projenrc.py",
          },
        ],
      },
      "eject": {
        "description": "Remove projen from the project",
        "env": {
          "PROJEN_EJECTING": "true",
        },
        "name": "eject",
        "steps": [
          {
            "spawn": "default",
          },
        ],
      },
      "install": {
        "description": "Install and upgrade dependencies",
        "name": "install",
        "steps": [
          {
            "exec": "python -m pip install --upgrade pip",
          },
          {
            "exec": "pip install -r requirements.txt",
          },
          {
            "exec": "pip install -r requirements-dev.txt",
          },
        ],
      },
      "package": {
        "description": "Creates the distribution package",
        "name": "package",
      },
      "post-compile": {
        "description": "Runs after successful compilation",
        "name": "post-compile",
      },
      "pre-compile": {
        "description": "Prepare the project for compilation",
        "name": "pre-compile",
      },
      "test": {
        "description": "Run tests",
        "name": "test",
        "steps": [
          {
            "exec": "pytest",
          },
        ],
      },
    },
  },
  "CODEOWNERS": "* @unibuddy/test",
  "README.md": "# replace this",
  "requirements-dev.txt": "# ~~ Generated by projen. To modify, edit .projenrc.py and run "npx projen".
projen==99.99.99
pytest==7.4.3
",
  "requirements.txt": "# ~~ Generated by projen. To modify, edit .projenrc.py and run "npx projen".
",
  "test/__init__.py": "__version__ = "0.1.0"
",
  "test/__main__.py": "from .example import hello

if __name__ == "__main__":
    name = input("What is your name? ")
    print(hello(name))
",
  "test/example.py": "def hello(name: str) -> str:
    """A simple greeting.
    Args:
        name (str): Name to greet.
    Returns:
        str: greeting message
    """
    return f"Hello {name}!"
",
  "tests/__init__.py": "",
  "tests/test_example.py": "import pytest

from test.example import hello

@pytest.mark.parametrize(
    ("name", "expected"),
    [
        ("A. Musing", "Hello A. Musing!"),
        ("traveler", "Hello traveler!"),
        ("projen developer", "Hello projen developer!"),
    ],
)
def test_hello(name, expected):
    """Example test with parametrization."""
    assert hello(name) == expected
",
}
`;
