// Jest Snapshot v1, https://goo.gl/fbAQLP

exports[`CodeQL should generate codeql.yml file 1`] = `
"# ~~ Generated by projen. To modify, edit .projenrc.js and run "npx projen".

name: CodeQL Advanced
on:
  push:
    branches:
      - main
  pull_request:
    branches:
      - main
  schedule:
    - cron: 44 12 * * 1
jobs:
  analyze:
    name: Analyze (\${{ matrix.language }})
    runs-on: \${{ (matrix.language == 'swift' && 'macos-latest') || 'ubuntu-latest' }}
    permissions:
      security-events: write
      packages: read
      actions: read
      contents: read
    strategy:
      fail-fast: false
      matrix:
        include:
          - language: javascript-typescript
            build-mode: none
          - language: actions
            build-mode: none
    steps:
      - name: Checkout repository
        uses: actions/checkout@v4
      - name: Initialize CodeQL
        uses: github/codeql-action/init@v3
        with:
          languages: \${{ matrix.language }}
          build-mode: \${{ matrix.build-mode }}
      - name: Perform CodeQL Analysis
        uses: github/codeql-action/analyze@v3
        with:
          category: /language:\${{matrix.language}}
"
`;
